
Map of acia.sm8 from link file acia.lkf - Fri Jun 03 16:50:24 2016


                               --------
                               Segments
                               --------

start 00008080 end 00008127 length   167 segment .text
start 00008127 end 00008127 length     0 segment .const
start 00000000 end 00000000 length     0 segment .bsct
start 00000100 end 00000100 length     0 segment .data
start 00000100 end 00000144 length    68 segment .bss
start 00000000 end 00000207 length   519 segment .info.
start 00000000 end 00001928 length  6440 segment .debug
start 00008000 end 00008080 length   128 segment .vector
start 00000000 end 00000000 length     0 segment .ubsct


                               -------
                               Modules
                               -------

crts.o:
start 00008080 end 0000808a length    10 section .text
start 00000000 end 0000002c length    44 section .info.

add.o:
start 0000808a end 00008095 length    11 section .text
start 0000002c end 0000008f length    99 section .info.

minus.o:
start 00008095 end 000080a1 length    12 section .text
start 0000008f end 000000f4 length   101 section .info.

acia.o:
start 000080a1 end 00008127 length   134 section .text
start 00000100 end 00000144 length    68 section .bss
start 00000000 end 00001881 length  6273 section .debug
start 000000f4 end 00000166 length   114 section .info.

vector.o:
start 00001881 end 00001928 length   167 section .debug
start 00000166 end 000001da length   116 section .info.
start 00008000 end 00008080 length   128 section .vector


                             -----------
                             Stack usage
                             -----------

acia.o:
f_add          7   (7)
f_getch        4   (4)
f_main    >   12   (5)
f_minus        7   (7)
f_outch        4   (4)
f_recept  >    6   (6)

Stack size: 18


                              ---------
                              Call tree
                              ---------
   1 > f_main: (5)
   2      + f_add: (7)
   3      + f_getch: (4)
   4      + f_minus: (7)
   5      + f_outch: (4)
       
   6 > f_recept: (6)

   7   f_add --> 2

   8   f_getch --> 3

   9   f_minus --> 4

  10   f_outch --> 5



                               -------
                               Symbols
                               -------

_ADC_CR1         00004c01   defined in acia.o
_ADC_CR2         00004c02   defined in acia.o
_ADC_CR3         00004c03   defined in acia.o
_ADC_CSR         00004c00   defined in acia.o
_ADC_DRH         00004c04   defined in acia.o
_ADC_DRL         00004c05   defined in acia.o
_ADC_TDRH        00004c06   defined in acia.o
_ADC_TDRL        00004c07   defined in acia.o
_CLK_CCOR        000048c9   defined in acia.o
_CLK_CKDIVR      000048c6   defined in acia.o
_CLK_CMSR        000048c3   defined in acia.o
_CLK_CSSR        000048c8   defined in acia.o
_CLK_ECKR        000048c1   defined in acia.o
_CLK_HSESTR      000048ca   defined in acia.o
_CLK_HSICALR     000048cc   defined in acia.o
_CLK_HSITRIMR    000048ce   defined in acia.o
_CLK_ICKR        000048c0   defined in acia.o
_CLK_LSESTR      000048cb   defined in acia.o
_CLK_NHSICALR    000048cd   defined in acia.o
_CLK_PCKENR      000048c7   defined in acia.o
_CLK_SWCR        000048c5   defined in acia.o
_CLK_SWR         000048c4   defined in acia.o
_FLASH_CR1       00004856   defined in acia.o
_FLASH_CR2       00004857   defined in acia.o
_FLASH_FSTPPR    0000485a   defined in acia.o
_FLASH_IAPSR     00004859   defined in acia.o
_FLASH_NCR2      00004858   defined in acia.o
_FLASH_NFSTPPR   0000485b   defined in acia.o
_I2C_CCRH        00004a22   defined in acia.o
_I2C_CCRL        00004a21   defined in acia.o
_I2C_CR1         00004a10   defined in acia.o
_I2C_CR2         00004a11   defined in acia.o
_I2C_DR          00004a16   defined in acia.o
_I2C_FREQR       00004a12   defined in acia.o
_I2C_OARH        00004a14   defined in acia.o
_I2C_OARL        00004a13   defined in acia.o
_I2C_SR1         00004a17   defined in acia.o
_I2C_SR2         00004a18   defined in acia.o
_I2C_SR3         00004a19   defined in acia.o
_I2C_TRISER      00004a23   defined in acia.o
_ICE_BK1ER       00004872   defined in acia.o
_ICE_BK1RH       00004873   defined in acia.o
_ICE_BK1RL       00004874   defined in acia.o
_ICE_BK2ER       00004875   defined in acia.o
_ICE_BK2RH       00004876   defined in acia.o
_ICE_BK2RL       00004877   defined in acia.o
_ICE_CR1         00004870   defined in acia.o
_ICE_CR2         00004878   defined in acia.o
_ICE_FER         0000487a   defined in acia.o
_ICE_SR1         00004871   defined in acia.o
_ICE_SR2         00004879   defined in acia.o
_ITC_EICR0       000048a0   defined in acia.o
_ITC_EICR1       000048a1   defined in acia.o
_ITC_PAIFR       000048a4   defined in acia.o
_ITC_PBIFR       000048a5   defined in acia.o
_ITC_PCIFR       000048a6   defined in acia.o
_ITC_PDIFR       000048a7   defined in acia.o
_ITC_PEIFR       000048a8   defined in acia.o
_ITC_PFIFR       000048a9   defined in acia.o
_ITC_SPR0        00004890   defined in acia.o
_ITC_SPR1        00004891   defined in acia.o
_ITC_SPR2        00004892   defined in acia.o
_ITC_SPR3        00004893   defined in acia.o
_ITC_SPR4        00004894   defined in acia.o
_ITC_SPR5        00004895   defined in acia.o
_ITC_SPR6        00004896   defined in acia.o
_ITC_SPR7        00004897   defined in acia.o
_IWDG_KR         000048e0   defined in acia.o
_IWDG_PR         000048e1   defined in acia.o
_IWDG_RR         000048e2   defined in acia.o
_PA_CR           00000004   defined in acia.o
_PA_DDR          00000002   defined in acia.o
_PA_DR           00000000   defined in acia.o
_PA_OR           00000003   defined in acia.o
_PA_PR           00000001   defined in acia.o
_PB_CR           00000009   defined in acia.o
_PB_DDR          00000007   defined in acia.o
_PB_DR           00000005   defined in acia.o
_PB_OR           00000008   defined in acia.o
_PB_PR           00000006   defined in acia.o
_PC_CR           0000000e   defined in acia.o
_PC_DDR          0000000c   defined in acia.o
_PC_DR           0000000a   defined in acia.o
_PC_OR           0000000d   defined in acia.o
_PC_PR           0000000b   defined in acia.o
_PD_CR           00000013   defined in acia.o
_PD_DDR          00000011   defined in acia.o
_PD_DR           0000000f   defined in acia.o
_PD_OR           00000012   defined in acia.o
_PD_PR           00000010   defined in acia.o
_PE_CR           00000018   defined in acia.o
_PE_DDR          00000016   defined in acia.o
_PE_DR           00000014   defined in acia.o
_PE_OR           00000017   defined in acia.o
_PE_PR           00000015   defined in acia.o
_PF_CR           0000001d   defined in acia.o
_PF_DDR          0000001b   defined in acia.o
_PF_DR           00000019   defined in acia.o
_PF_OR           0000001c   defined in acia.o
_PF_PR           0000001a   defined in acia.o
_RST_CR1         000048b0   defined in acia.o
_RST_CR2         000048b1   defined in acia.o
_RST_NCR2        000048b2   defined in acia.o
_RST_SR          000048b3   defined in acia.o
_RTCAWU_APR      000048f1   defined in acia.o
_RTCAWU_CSR1     000048f0   defined in acia.o
_RTCAWU_CSR2     000048f3   defined in acia.o
_RTCAWU_TBR      000048f2   defined in acia.o
_SPI_CR1         00004a00   defined in acia.o
_SPI_CR2         00004a01   defined in acia.o
_SPI_CRCPR       00004a05   defined in acia.o
_SPI_DR          00004a04   defined in acia.o
_SPI_ICR         00004a02   defined in acia.o
_SPI_RXCRCR      00004a06   defined in acia.o
_SPI_SR          00004a03   defined in acia.o
_SPI_TXCRCR      00004a07   defined in acia.o
_SWIM_CSR        00004880   defined in acia.o
_SWIM_DR         00004881   defined in acia.o
_TIM1_ARRH       00004b10   defined in acia.o
_TIM1_ARRL       00004b11   defined in acia.o
_TIM1_BKR        00004b18   defined in acia.o
_TIM1_CCER1      00004b0b   defined in acia.o
_TIM1_CCER2      00004b0c   defined in acia.o
_TIM1_CCMR1      00004b08   defined in acia.o
_TIM1_CCMR2      00004b09   defined in acia.o
_TIM1_CCMR3      00004b0a   defined in acia.o
_TIM1_CCR1H      00004b12   defined in acia.o
_TIM1_CCR1L      00004b13   defined in acia.o
_TIM1_CCR2H      00004b14   defined in acia.o
_TIM1_CCR2L      00004b15   defined in acia.o
_TIM1_CCR3H      00004b16   defined in acia.o
_TIM1_CCR3L      00004b17   defined in acia.o
_TIM1_CNTRH      00004b0d   defined in acia.o
_TIM1_CNTRL      00004b0e   defined in acia.o
_TIM1_CR1        00004b00   defined in acia.o
_TIM1_CR2        00004b01   defined in acia.o
_TIM1_EGR        00004b07   defined in acia.o
_TIM1_ETR        00004b03   defined in acia.o
_TIM1_IER        00004b04   defined in acia.o
_TIM1_OISR       00004b19   defined in acia.o
_TIM1_PSCR       00004b0f   defined in acia.o
_TIM1_SMCR       00004b02   defined in acia.o
_TIM1_SR1        00004b05   defined in acia.o
_TIM1_SR2        00004b06   defined in acia.o
_TIM2_ARRH       00004b2c   defined in acia.o
_TIM2_ARRL       00004b2d   defined in acia.o
_TIM2_CCER1      00004b28   defined in acia.o
_TIM2_CCMR1      00004b27   defined in acia.o
_TIM2_CCR1H      00004b2e   defined in acia.o
_TIM2_CCR1L      00004b2f   defined in acia.o
_TIM2_CNTRH      00004b29   defined in acia.o
_TIM2_CNTRL      00004b2a   defined in acia.o
_TIM2_CR1        00004b20   defined in acia.o
_TIM2_CR2        00004b21   defined in acia.o
_TIM2_EGR        00004b26   defined in acia.o
_TIM2_IER        00004b23   defined in acia.o
_TIM2_PSCR       00004b2b   defined in acia.o
_TIM2_SMCR       00004b22   defined in acia.o
_TIM2_SR1        00004b24   defined in acia.o
_TIM2_SR2        00004b25   defined in acia.o
_TIM3_ARR        00004b47   defined in acia.o
_TIM3_CNTRH      00004b44   defined in acia.o
_TIM3_CNTRL      00004b45   defined in acia.o
_TIM3_CR         00004b40   defined in acia.o
_TIM3_EGR        00004b43   defined in acia.o
_TIM3_IER        00004b41   defined in acia.o
_TIM3_PSCR       00004b46   defined in acia.o
_TIM3_SR         00004b42   defined in acia.o
_TSENS_CR        00004c10   defined in acia.o
_USART_BRR1      00004a32   defined in acia.o
_USART_BRR2      00004a33   defined in acia.o
_USART_CR1       00004a34   defined in acia.o
_USART_CR2       00004a35   defined in acia.o
_USART_CR3       00004a36   defined in acia.o
_USART_CR4       00004a37   defined in acia.o
_USART_CR5       00004a38   defined in acia.o
_USART_DR        00004a31   defined in acia.o
_USART_GTR       00004a39   defined in acia.o
_USART_PSCR      00004a3a   defined in acia.o
_USART_SR        00004a30   defined in acia.o
_WWDG_CR         000048d0   defined in acia.o
_WWDG_WR         000048d1   defined in acia.o
__endzp          00000000   defined in command file section .ubsct
                            *** not used ***
__memory         00000144   defined in command file section .bss
                            *** not used ***
__stack          000001ff   defined in command file
                            used in crts.o add.o minus.o
__vectab         00008000   defined in vector.o section .vector
_buffer          00000104   defined in acia.o section .bss
_ptecr           00000100   defined in acia.o section .bss
_ptlec           00000102   defined in acia.o section .bss
f__stext         00008080   defined in crts.o section .text
                            used in vector.o
f__stextA        0000808a   defined in add.o section .text
                            *** not used ***
f__stextB        00008095   defined in minus.o section .text
f_add            000080de   defined in acia.o section .text
                            used in add.o
f_exit           00008088   defined in crts.o section .text
f_exitA          00008093   defined in add.o section .text
f_exitB          0000809f   defined in minus.o section .text
                            *** not used ***
f_getch          000080a1   defined in acia.o section .text
f_main           000080ec   defined in acia.o section .text
                            used in crts.o
f_minus          000080e5   defined in acia.o section .text
                            used in minus.o
f_outch          000080ba   defined in acia.o section .text
f_recept         000080c7   defined in acia.o section .text
                            used in vector.o
